⨯ Error: Для доступа к админке требуется пароль.
    at f (C:\Users\user\Documents\pasco-lab-portal\.next\server\chunks\ssr\[root-of-the-server]__0l366i1._.js:1:12644)
    at async s (C:\Users\user\Documents\pasco-lab-portal\.next\server\chunks\ssr\[root-of-the-server]__0fj4x85._.js:1:7333) {
  digest: '511323655'
}
failed to get redirect response TypeError: fetch failed
    at ignore-listed frames {
  [cause]: Error: self-signed certificate; if the root CA is installed locally, try running Node.js with --use-system-ca
      at ignore-listed frames {
    code: 'DEPTH_ZERO_SELF_SIGNED_CERT'
  }
}
⨯ Error: Для доступа к админке требуется пароль.
    at f (C:\Users\user\Documents\pasco-lab-portal\.next\server\chunks\ssr\[root-of-the-server]__0l366i1._.js:1:12644)
    at async s (C:\Users\user\Documents\pasco-lab-portal\.next\server\chunks\ssr\[root-of-the-server]__0fj4x85._.js:1:7333) {
  digest: '511323655'
}
failed to get redirect response TypeError: fetch failed
    at ignore-listed frames {
  [cause]: Error: self-signed certificate; if the root CA is installed locally, try running Node.js with --use-system-ca
      at ignore-listed frames {
    code: 'DEPTH_ZERO_SELF_SIGNED_CERT'
  }
}
[local-db] Write error: Error: EPERM: operation not permitted, rename 'C:\Users\user\Documents\pasco-lab-portal\data\local-db.ru.json.15488.1785990446458.tmp' -> 'C:\Users\user\Documents\pasco-lab-portal\data\local-db.ru.json'
    at async v (C:\Users\user\Documents\pasco-lab-portal\.next\server\chunks\ssr\lib_local-db_ts_1d37ym6._.js:2:287)
    at async (C:\Users\user\Documents\pasco-lab-portal\.next\server\chunks\ssr\lib_local-db_ts_1d37ym6._.js:2:391) {
  errno: -4048,
  code: 'EPERM',
  syscall: 'rename',
  path: 'C:\\Users\\user\\Documents\\pasco-lab-portal\\data\\local-db.ru.json.15488.1785990446458.tmp',
  dest: 'C:\\Users\\user\\Documents\\pasco-lab-portal\\data\\local-db.ru.json'
}
⨯ Error: EPERM: operation not permitted, rename 'C:\Users\user\Documents\pasco-lab-portal\data\local-db.ru.json.15488.1785990446458.tmp' -> 'C:\Users\user\Documents\pasco-lab-portal\data\local-db.ru.json'
    at async v (C:\Users\user\Documents\pasco-lab-portal\.next\server\chunks\ssr\lib_local-db_ts_1d37ym6._.js:2:287)
    at async (C:\Users\user\Documents\pasco-lab-portal\.next\server\chunks\ssr\lib_local-db_ts_1d37ym6._.js:2:391) {
  errno: -4048,
  code: 'EPERM',
  syscall: 'rename',
  path: 'C:\\Users\\user\\Documents\\pasco-lab-portal\\data\\local-db.ru.json.15488.1785990446458.tmp',
  dest: 'C:\\Users\\user\\Documents\\pasco-lab-portal\\data\\local-db.ru.json',
  digest: '2571281638'
}
⨯ Error: Для доступа к админке требуется пароль.
    at f (C:\Users\user\Documents\pasco-lab-portal\.next\server\chunks\ssr\[root-of-the-server]__0l366i1._.js:1:12644)
    at async s (C:\Users\user\Documents\pasco-lab-portal\.next\server\chunks\ssr\[root-of-the-server]__0fj4x85._.js:1:7333) {
  digest: '511323655'
}
failed to get redirect response TypeError: fetch failed
    at ignore-listed frames {
  [cause]: Error: self-signed certificate; if the root CA is installed locally, try running Node.js with --use-system-ca
      at ignore-listed frames {
    code: 'DEPTH_ZERO_SELF_SIGNED_CERT'
  }
}
⨯ The requested resource isn't a valid image for /uploads/labs/draft-4413fb57-512d-4201-be7b-cb98a47b136c/shema-dejstvuyushayapage-0001-1774863766737.jpg received null
